
[TestNodes/should_serialize_to_a_Jest_snapshot - 1]
&dom.Node{
    Type:            "root",
    Parent:          (*dom.Node)(nil),
    PreviousSibling: (*dom.Node)(nil),
    NextSibling:     (*dom.Node)(nil),
    StartIndex:      0,
    EndIndex:        0,
    NodeType:        9,
    Name:            "",
    Data:            "",
    Children:        {
        &dom.Node{
            Type:            "tag",
            Parent:          (*dom.Node)(nil),
            PreviousSibling: (*dom.Node)(nil),
            NextSibling:     (*dom.Node)(nil),
            StartIndex:      0,
            EndIndex:        0,
            NodeType:        1,
            Name:            "html",
            Data:            "",
            Children:        {
                &dom.Node{
                    Type:            "comment",
                    Parent:          (*dom.Node)(nil),
                    PreviousSibling: (*dom.Node)(nil),
                    NextSibling:     (*dom.Node)(nil),
                    StartIndex:      0,
                    EndIndex:        0,
                    NodeType:        8,
                    Name:            "",
                    Data:            " A Comment ",
                    Children:        nil,
                    Attribs:         (*orderedmap.OrderedMap[string,string])(nil),
                },
                &dom.Node{
                    Type:            "tag",
                    Parent:          (*dom.Node)(nil),
                    PreviousSibling: (*dom.Node)(nil),
                    NextSibling:     (*dom.Node)(nil),
                    StartIndex:      0,
                    EndIndex:        0,
                    NodeType:        1,
                    Name:            "title",
                    Data:            "",
                    Children:        {
                        &dom.Node{
                            Type:            "text",
                            Parent:          (*dom.Node)(nil),
                            PreviousSibling: (*dom.Node)(nil),
                            NextSibling:     (*dom.Node)(nil),
                            StartIndex:      0,
                            EndIndex:        0,
                            NodeType:        3,
                            Name:            "",
                            Data:            "The Title",
                            Children:        nil,
                            Attribs:         (*orderedmap.OrderedMap[string,string])(nil),
                        },
                    },
                    Attribs: (*orderedmap.OrderedMap[string,string])(nil),
                },
                &dom.Node{
                    Type:            "tag",
                    Parent:          (*dom.Node)(nil),
                    PreviousSibling: (*dom.Node)(nil),
                    NextSibling:     (*dom.Node)(nil),
                    StartIndex:      0,
                    EndIndex:        0,
                    NodeType:        1,
                    Name:            "body",
                    Data:            "",
                    Children:        {
                        &dom.Node{
                            Type:            "text",
                            Parent:          (*dom.Node)(nil),
                            PreviousSibling: (*dom.Node)(nil),
                            NextSibling:     (*dom.Node)(nil),
                            StartIndex:      0,
                            EndIndex:        0,
                            NodeType:        3,
                            Name:            "",
                            Data:            "Hello world",
                            Children:        nil,
                            Attribs:         (*orderedmap.OrderedMap[string,string])(nil),
                        },
                        &dom.Node{
                            Type:            "tag",
                            Parent:          (*dom.Node)(nil),
                            PreviousSibling: (*dom.Node)(nil),
                            NextSibling:     (*dom.Node)(nil),
                            StartIndex:      0,
                            EndIndex:        0,
                            NodeType:        1,
                            Name:            "input",
                            Data:            "",
                            Children:        nil,
                            Attribs:         &orderedmap.OrderedMap[string,string]{
                                kv: {
                                    "disabled": &orderedmap.Element[string,string]{
                                        next: &orderedmap.Element[string,string]{
                                            next:  (*orderedmap.Element[string,string])(nil),
                                            prev:  &orderedmap.Element[string,string]{(CYCLIC REFERENCE)},
                                            Key:   "type",
                                            Value: "text",
                                        },
                                        prev:  (*orderedmap.Element[string,string])(nil),
                                        Key:   "disabled",
                                        Value: "",
                                    },
                                    "type": &orderedmap.Element[string,string]{
                                        next:  (*orderedmap.Element[string,string])(nil),
                                        prev:  &orderedmap.Element[string,string]{(CYCLIC REFERENCE)},
                                        Key:   "type",
                                        Value: "text",
                                    },
                                },
                                ll: orderedmap.list[string,string]{
                                    root: orderedmap.Element[string,string]{
                                        next: &orderedmap.Element[string,string]{
                                            next:  &orderedmap.Element[string,string]{(CYCLIC REFERENCE)},
                                            prev:  (*orderedmap.Element[string,string])(nil),
                                            Key:   "disabled",
                                            Value: "",
                                        },
                                        prev: &orderedmap.Element[string,string]{
                                            next:  (*orderedmap.Element[string,string])(nil),
                                            prev:  &orderedmap.Element[string,string]{(CYCLIC REFERENCE)},
                                            Key:   "type",
                                            Value: "text",
                                        },
                                        Key:   "",
                                        Value: "",
                                    },
                                },
                            },
                        },
                    },
                    Attribs: (*orderedmap.OrderedMap[string,string])(nil),
                },
            },
            Attribs: (*orderedmap.OrderedMap[string,string])(nil),
        },
    },
    Attribs: (*orderedmap.OrderedMap[string,string])(nil),
}
---
